Filename: /home/marco/Desktop/Projects/TimeSeries-projects/global-retrain/src/Python/utils/fit_models.py

Line #    Mem usage    Increment  Occurrences   Line Contents
=============================================================
   274   2328.3 MiB   2328.3 MiB           1   @profile(stream = mem_logs)
   275                                         def retrain_ml_model(
   276                                             data,
   277                                             engine, 
   278                                             test_window,
   279                                             horizon, 
   280                                             retrain_window = 1,
   281                                             levels = [60, 70, 80, 85, 90, 95, 99],
   282                                             intervals = None, 
   283                                             static_features = [],
   284                                             store_in_sample_results = False
   285                                         ):
   286                                         
   287                                             """Function to retrain the ML model and predict with retrained model.
   288                                         
   289                                             Args:
   290                                                 data (pd.DataFrame): training and testing data in the Nixtla's format.
   291                                                 engine (MLForecast class): ML model engine.
   292                                                 test_window (int): length of the test window.
   293                                                 horizon (int): forecasting horizon.
   294                                                 retrain_window (int, optional): window for retraining. Defaults to 1.
   295                                                 levels (list): confidence levels for the predictions. Defaults to
   296                                                 [60, 70, 80, 85, 90, 95, 99].
   297                                                 intervals (PredictionIntervals, optional): conformal inference method. 
   298                                                 Defaults to PredictionIntervals(h = horizon, n_windows = 2).
   299                                         
   300                                             Returns:
   301                                                 pd.DataFrame: predictions made by the retrained models.
   302                                             """
   303                                         
   304   2328.3 MiB      0.0 MiB           1       print('===============================================================')
   305   2328.3 MiB      0.0 MiB           1       print('---------------------------- START ----------------------------')
   306                                             
   307                                             # define the model name
   308   2328.3 MiB      0.0 MiB           1       model_name = get_model_name(engine)
   309   2328.3 MiB      0.0 MiB           1       print(model_name)
   310                                         
   311                                             # split the data into train and test dataframes
   312   3564.1 MiB   1235.8 MiB           1       train_df, test_df = split_train_test(data, test_window)
   313                                         
   314                                             # define the fitting times
   315   3564.1 MiB      0.0 MiB           1       fitting_ids = get_retrain_ids(test_window, horizon, retrain_window)
   316   3564.1 MiB      0.0 MiB           1       n_fitting = len(fitting_ids) # int(np.round(test_window / retrain_window, 0))
   317   3564.1 MiB      0.0 MiB           1       n_loops = test_window - horizon + 1
   318                                             
   319                                             # initialize the dataframes
   320   3564.1 MiB      0.0 MiB           1       in_sample_df = pd.DataFrame()
   321   3564.1 MiB      0.0 MiB           1       out_sample_df = pd.DataFrame()
   322   3564.1 MiB      0.0 MiB           1       time_df = pd.DataFrame()
   323                                         
   324   3564.1 MiB      0.0 MiB           1       start_time = time.time()
   325                                         
   326   7494.1 MiB    -22.7 MiB          30       for i in range(n_loops):
   327                                                 
   328   7358.1 MiB    -22.7 MiB          29           print(f'Step {i + 1} of {n_loops}')
   329                                         
   330                                                 # define the training data
   331   8543.3 MiB  33359.0 MiB          29           train_df_tmp = combine_train_test(train_df, test_df.groupby('unique_id').head(i))
   332                                         
   333                                                 # define the testing data
   334   8543.3 MiB     76.4 MiB          29           test_df_tmp = test_df.groupby('unique_id').head(i + horizon)
   335   8543.3 MiB    -22.0 MiB          29           test_df_tmp.reset_index(drop = True, inplace = True)
   336   8543.3 MiB    -22.0 MiB          29           ds_to_remove = train_df_tmp["ds"].unique()
   337   8543.3 MiB    -86.6 MiB          29           test_df_tmp = test_df_tmp.loc[~test_df_tmp['ds'].isin(ds_to_remove)]
   338                                                 # remove static features because they are used in fitting only
   339   8543.3 MiB    -21.8 MiB          29           test_df_tmp.drop(columns = static_features, axis = 1, inplace = True)
   340                                                 
   341   8543.3 MiB    -22.0 MiB          29           if i in fitting_ids:
   342                                         
   343                                                     # re-train the model
   344   8543.3 MiB      0.0 MiB           5               print(f'Fitting: t = {i}, {int(i / retrain_window + 1)} of {n_fitting}...')
   345   8543.3 MiB      0.0 MiB           5               start_fit_time = time.time()
   346                                         
   347   8543.3 MiB      0.0 MiB           5               if intervals == None:
   348                                                         fit_tmp = engine.fit(
   349                                                             df = train_df_tmp, 
   350                                                             static_features = static_features,
   351                                                             fitted = store_in_sample_results
   352                                                         )
   353                                                     else:
   354   8543.3 MiB    146.6 MiB          10                   fit_tmp = engine.fit(
   355   8543.3 MiB      0.0 MiB           5                       df = train_df_tmp, 
   356   8543.3 MiB      0.0 MiB           5                       static_features = static_features,
   357   8543.3 MiB      0.0 MiB           5                       fitted = store_in_sample_results,
   358   8543.3 MiB      0.0 MiB           5                       prediction_intervals = intervals
   359                                                         )
   360                                         
   361   8517.5 MiB   -204.0 MiB           5               end_fit_time = time.time()
   362                                         
   363                                                     # predict out-of-sample with the models
   364   8517.5 MiB      0.0 MiB           5               print('Predicting...')
   365   8517.5 MiB      0.0 MiB           5               start_predict_time = time.time()
   366   8601.6 MiB    291.3 MiB           5               out_sample_df_tmp = fit_tmp.predict(h = horizon, level = levels)
   367   8601.6 MiB      0.0 MiB           5               end_predict_time = time.time()
   368                                         
